$ git add --all
$ git status
# On branch main
# Changes to be committed:
# https://github.com/googleads/googleads-mobile-android-examples.git
